// Vitest Snapshot v1, https://vitest.dev/guide/snapshot.html

exports[`tailwind sanity > snapshot 1`] = `
{
  "#000000": [
    [
      "black",
    ],
  ],
  "#020617": [
    [
      "slate",
      950,
    ],
  ],
  "#022c22": [
    [
      "emerald",
      950,
    ],
  ],
  "#0284c7": [
    [
      "sky",
      600,
    ],
  ],
  "#030712": [
    [
      "gray",
      950,
    ],
  ],
  "#0369a1": [
    [
      "sky",
      700,
    ],
  ],
  "#042f2e": [
    [
      "teal",
      950,
    ],
  ],
  "#047857": [
    [
      "emerald",
      700,
    ],
  ],
  "#052e16": [
    [
      "green",
      950,
    ],
  ],
  "#059669": [
    [
      "emerald",
      600,
    ],
  ],
  "#064e3b": [
    [
      "emerald",
      900,
    ],
  ],
  "#065f46": [
    [
      "emerald",
      800,
    ],
  ],
  "#06b6d4": [
    [
      "cyan",
      500,
    ],
  ],
  "#075985": [
    [
      "sky",
      800,
    ],
  ],
  "#082f49": [
    [
      "sky",
      950,
    ],
  ],
  "#083344": [
    [
      "cyan",
      950,
    ],
  ],
  "#0891b2": [
    [
      "cyan",
      600,
    ],
  ],
  "#09090b": [
    [
      "zinc",
      950,
    ],
  ],
  "#0a0a0a": [
    [
      "neutral",
      950,
    ],
  ],
  "#0c0a09": [
    [
      "stone",
      950,
    ],
  ],
  "#0c4a6e": [
    [
      "sky",
      900,
    ],
  ],
  "#0d9488": [
    [
      "teal",
      600,
    ],
  ],
  "#0e7490": [
    [
      "cyan",
      700,
    ],
  ],
  "#0ea5e9": [
    [
      "sky",
      500,
    ],
  ],
  "#0f172a": [
    [
      "slate",
      900,
    ],
  ],
  "#0f766e": [
    [
      "teal",
      700,
    ],
  ],
  "#10b981": [
    [
      "emerald",
      500,
    ],
  ],
  "#111827": [
    [
      "gray",
      900,
    ],
  ],
  "#115e59": [
    [
      "teal",
      800,
    ],
  ],
  "#134e4a": [
    [
      "teal",
      900,
    ],
  ],
  "#14532d": [
    [
      "green",
      900,
    ],
  ],
  "#14b8a6": [
    [
      "teal",
      500,
    ],
  ],
  "#155e75": [
    [
      "cyan",
      800,
    ],
  ],
  "#15803d": [
    [
      "green",
      700,
    ],
  ],
  "#164e63": [
    [
      "cyan",
      900,
    ],
  ],
  "#166534": [
    [
      "green",
      800,
    ],
  ],
  "#16a34a": [
    [
      "green",
      600,
    ],
  ],
  "#171717": [
    [
      "neutral",
      900,
    ],
  ],
  "#172554": [
    [
      "blue",
      950,
    ],
  ],
  "#18181b": [
    [
      "zinc",
      900,
    ],
  ],
  "#1a2e05": [
    [
      "lime",
      950,
    ],
  ],
  "#1c1917": [
    [
      "stone",
      900,
    ],
  ],
  "#1d4ed8": [
    [
      "blue",
      700,
    ],
  ],
  "#1e1b4b": [
    [
      "indigo",
      950,
    ],
  ],
  "#1e293b": [
    [
      "slate",
      800,
    ],
  ],
  "#1e3a8a": [
    [
      "blue",
      900,
    ],
  ],
  "#1e40af": [
    [
      "blue",
      800,
    ],
  ],
  "#1f2937": [
    [
      "gray",
      800,
    ],
  ],
  "#22c55e": [
    [
      "green",
      500,
    ],
  ],
  "#22d3ee": [
    [
      "cyan",
      400,
    ],
  ],
  "#2563eb": [
    [
      "blue",
      600,
    ],
  ],
  "#262626": [
    [
      "neutral",
      800,
    ],
  ],
  "#27272a": [
    [
      "zinc",
      800,
    ],
  ],
  "#292524": [
    [
      "stone",
      800,
    ],
  ],
  "#2dd4bf": [
    [
      "teal",
      400,
    ],
  ],
  "#2e1065": [
    [
      "violet",
      950,
    ],
  ],
  "#312e81": [
    [
      "indigo",
      900,
    ],
  ],
  "#334155": [
    [
      "slate",
      700,
    ],
  ],
  "#34d399": [
    [
      "emerald",
      400,
    ],
  ],
  "#365314": [
    [
      "lime",
      900,
    ],
  ],
  "#3730a3": [
    [
      "indigo",
      800,
    ],
  ],
  "#374151": [
    [
      "gray",
      700,
    ],
  ],
  "#38bdf8": [
    [
      "sky",
      400,
    ],
  ],
  "#3b0764": [
    [
      "purple",
      950,
    ],
  ],
  "#3b82f6": [
    [
      "blue",
      500,
    ],
  ],
  "#3f3f46": [
    [
      "zinc",
      700,
    ],
  ],
  "#3f6212": [
    [
      "lime",
      800,
    ],
  ],
  "#404040": [
    [
      "neutral",
      700,
    ],
  ],
  "#422006": [
    [
      "yellow",
      950,
    ],
  ],
  "#431407": [
    [
      "orange",
      950,
    ],
  ],
  "#4338ca": [
    [
      "indigo",
      700,
    ],
  ],
  "#44403c": [
    [
      "stone",
      700,
    ],
  ],
  "#450a0a": [
    [
      "red",
      950,
    ],
  ],
  "#451a03": [
    [
      "amber",
      950,
    ],
  ],
  "#475569": [
    [
      "slate",
      600,
    ],
  ],
  "#4a044e": [
    [
      "fuchsia",
      950,
    ],
  ],
  "#4ade80": [
    [
      "green",
      400,
    ],
  ],
  "#4b5563": [
    [
      "gray",
      600,
    ],
  ],
  "#4c0519": [
    [
      "rose",
      950,
    ],
  ],
  "#4c1d95": [
    [
      "violet",
      900,
    ],
  ],
  "#4d7c0f": [
    [
      "lime",
      700,
    ],
  ],
  "#4f46e5": [
    [
      "indigo",
      600,
    ],
  ],
  "#500724": [
    [
      "pink",
      950,
    ],
  ],
  "#525252": [
    [
      "neutral",
      600,
    ],
  ],
  "#52525b": [
    [
      "zinc",
      600,
    ],
  ],
  "#57534e": [
    [
      "stone",
      600,
    ],
  ],
  "#581c87": [
    [
      "purple",
      900,
    ],
  ],
  "#5b21b6": [
    [
      "violet",
      800,
    ],
  ],
  "#5eead4": [
    [
      "teal",
      300,
    ],
  ],
  "#60a5fa": [
    [
      "blue",
      400,
    ],
  ],
  "#6366f1": [
    [
      "indigo",
      500,
    ],
  ],
  "#64748b": [
    [
      "slate",
      500,
    ],
  ],
  "#65a30d": [
    [
      "lime",
      600,
    ],
  ],
  "#67e8f9": [
    [
      "cyan",
      300,
    ],
  ],
  "#6b21a8": [
    [
      "purple",
      800,
    ],
  ],
  "#6b7280": [
    [
      "gray",
      500,
    ],
  ],
  "#6d28d9": [
    [
      "violet",
      700,
    ],
  ],
  "#6ee7b7": [
    [
      "emerald",
      300,
    ],
  ],
  "#701a75": [
    [
      "fuchsia",
      900,
    ],
  ],
  "#713f12": [
    [
      "yellow",
      900,
    ],
  ],
  "#71717a": [
    [
      "zinc",
      500,
    ],
  ],
  "#737373": [
    [
      "neutral",
      500,
    ],
  ],
  "#78350f": [
    [
      "amber",
      900,
    ],
  ],
  "#78716c": [
    [
      "stone",
      500,
    ],
  ],
  "#7c2d12": [
    [
      "orange",
      900,
    ],
  ],
  "#7c3aed": [
    [
      "violet",
      600,
    ],
  ],
  "#7dd3fc": [
    [
      "sky",
      300,
    ],
  ],
  "#7e22ce": [
    [
      "purple",
      700,
    ],
  ],
  "#7f1d1d": [
    [
      "red",
      900,
    ],
  ],
  "#818cf8": [
    [
      "indigo",
      400,
    ],
  ],
  "#831843": [
    [
      "pink",
      900,
    ],
  ],
  "#84cc16": [
    [
      "lime",
      500,
    ],
  ],
  "#854d0e": [
    [
      "yellow",
      800,
    ],
  ],
  "#86198f": [
    [
      "fuchsia",
      800,
    ],
  ],
  "#86efac": [
    [
      "green",
      300,
    ],
  ],
  "#881337": [
    [
      "rose",
      900,
    ],
  ],
  "#8b5cf6": [
    [
      "violet",
      500,
    ],
  ],
  "#92400e": [
    [
      "amber",
      800,
    ],
  ],
  "#9333ea": [
    [
      "purple",
      600,
    ],
  ],
  "#93c5fd": [
    [
      "blue",
      300,
    ],
  ],
  "#94a3b8": [
    [
      "slate",
      400,
    ],
  ],
  "#991b1b": [
    [
      "red",
      800,
    ],
  ],
  "#99f6e4": [
    [
      "teal",
      200,
    ],
  ],
  "#9a3412": [
    [
      "orange",
      800,
    ],
  ],
  "#9ca3af": [
    [
      "gray",
      400,
    ],
  ],
  "#9d174d": [
    [
      "pink",
      800,
    ],
  ],
  "#9f1239": [
    [
      "rose",
      800,
    ],
  ],
  "#a16207": [
    [
      "yellow",
      700,
    ],
  ],
  "#a1a1aa": [
    [
      "zinc",
      400,
    ],
  ],
  "#a21caf": [
    [
      "fuchsia",
      700,
    ],
  ],
  "#a3a3a3": [
    [
      "neutral",
      400,
    ],
  ],
  "#a3e635": [
    [
      "lime",
      400,
    ],
  ],
  "#a5b4fc": [
    [
      "indigo",
      300,
    ],
  ],
  "#a5f3fc": [
    [
      "cyan",
      200,
    ],
  ],
  "#a78bfa": [
    [
      "violet",
      400,
    ],
  ],
  "#a7f3d0": [
    [
      "emerald",
      200,
    ],
  ],
  "#a855f7": [
    [
      "purple",
      500,
    ],
  ],
  "#a8a29e": [
    [
      "stone",
      400,
    ],
  ],
  "#b45309": [
    [
      "amber",
      700,
    ],
  ],
  "#b91c1c": [
    [
      "red",
      700,
    ],
  ],
  "#bae6fd": [
    [
      "sky",
      200,
    ],
  ],
  "#bbf7d0": [
    [
      "green",
      200,
    ],
  ],
  "#be123c": [
    [
      "rose",
      700,
    ],
  ],
  "#be185d": [
    [
      "pink",
      700,
    ],
  ],
  "#bef264": [
    [
      "lime",
      300,
    ],
  ],
  "#bfdbfe": [
    [
      "blue",
      200,
    ],
  ],
  "#c026d3": [
    [
      "fuchsia",
      600,
    ],
  ],
  "#c084fc": [
    [
      "purple",
      400,
    ],
  ],
  "#c2410c": [
    [
      "orange",
      700,
    ],
  ],
  "#c4b5fd": [
    [
      "violet",
      300,
    ],
  ],
  "#c7d2fe": [
    [
      "indigo",
      200,
    ],
  ],
  "#ca8a04": [
    [
      "yellow",
      600,
    ],
  ],
  "#cbd5e1": [
    [
      "slate",
      300,
    ],
  ],
  "#ccfbf1": [
    [
      "teal",
      100,
    ],
  ],
  "#cffafe": [
    [
      "cyan",
      100,
    ],
  ],
  "#d1d5db": [
    [
      "gray",
      300,
    ],
  ],
  "#d1fae5": [
    [
      "emerald",
      100,
    ],
  ],
  "#d4d4d4": [
    [
      "neutral",
      300,
    ],
  ],
  "#d4d4d8": [
    [
      "zinc",
      300,
    ],
  ],
  "#d6d3d1": [
    [
      "stone",
      300,
    ],
  ],
  "#d8b4fe": [
    [
      "purple",
      300,
    ],
  ],
  "#d946ef": [
    [
      "fuchsia",
      500,
    ],
  ],
  "#d97706": [
    [
      "amber",
      600,
    ],
  ],
  "#d9f99d": [
    [
      "lime",
      200,
    ],
  ],
  "#db2777": [
    [
      "pink",
      600,
    ],
  ],
  "#dbeafe": [
    [
      "blue",
      100,
    ],
  ],
  "#dc2626": [
    [
      "red",
      600,
    ],
  ],
  "#dcfce7": [
    [
      "green",
      100,
    ],
  ],
  "#ddd6fe": [
    [
      "violet",
      200,
    ],
  ],
  "#e0e7ff": [
    [
      "indigo",
      100,
    ],
  ],
  "#e0f2fe": [
    [
      "sky",
      100,
    ],
  ],
  "#e11d48": [
    [
      "rose",
      600,
    ],
  ],
  "#e2e8f0": [
    [
      "slate",
      200,
    ],
  ],
  "#e4e4e7": [
    [
      "zinc",
      200,
    ],
  ],
  "#e5e5e5": [
    [
      "neutral",
      200,
    ],
  ],
  "#e5e7eb": [
    [
      "gray",
      200,
    ],
  ],
  "#e7e5e4": [
    [
      "stone",
      200,
    ],
  ],
  "#e879f9": [
    [
      "fuchsia",
      400,
    ],
  ],
  "#e9d5ff": [
    [
      "purple",
      200,
    ],
  ],
  "#ea580c": [
    [
      "orange",
      600,
    ],
  ],
  "#eab308": [
    [
      "yellow",
      500,
    ],
  ],
  "#ec4899": [
    [
      "pink",
      500,
    ],
  ],
  "#ecfccb": [
    [
      "lime",
      100,
    ],
  ],
  "#ecfdf5": [
    [
      "emerald",
      50,
    ],
  ],
  "#ecfeff": [
    [
      "cyan",
      50,
    ],
  ],
  "#ede9fe": [
    [
      "violet",
      100,
    ],
  ],
  "#eef2ff": [
    [
      "indigo",
      50,
    ],
  ],
  "#ef4444": [
    [
      "red",
      500,
    ],
  ],
  "#eff6ff": [
    [
      "blue",
      50,
    ],
  ],
  "#f0abfc": [
    [
      "fuchsia",
      300,
    ],
  ],
  "#f0f9ff": [
    [
      "sky",
      50,
    ],
  ],
  "#f0fdf4": [
    [
      "green",
      50,
    ],
  ],
  "#f0fdfa": [
    [
      "teal",
      50,
    ],
  ],
  "#f1f5f9": [
    [
      "slate",
      100,
    ],
  ],
  "#f3e8ff": [
    [
      "purple",
      100,
    ],
  ],
  "#f3f4f6": [
    [
      "gray",
      100,
    ],
  ],
  "#f43f5e": [
    [
      "rose",
      500,
    ],
  ],
  "#f472b6": [
    [
      "pink",
      400,
    ],
  ],
  "#f4f4f5": [
    [
      "zinc",
      100,
    ],
  ],
  "#f59e0b": [
    [
      "amber",
      500,
    ],
  ],
  "#f5d0fe": [
    [
      "fuchsia",
      200,
    ],
  ],
  "#f5f3ff": [
    [
      "violet",
      50,
    ],
  ],
  "#f5f5f4": [
    [
      "stone",
      100,
    ],
  ],
  "#f5f5f5": [
    [
      "neutral",
      100,
    ],
  ],
  "#f7fee7": [
    [
      "lime",
      50,
    ],
  ],
  "#f87171": [
    [
      "red",
      400,
    ],
  ],
  "#f8fafc": [
    [
      "slate",
      50,
    ],
  ],
  "#f97316": [
    [
      "orange",
      500,
    ],
  ],
  "#f9a8d4": [
    [
      "pink",
      300,
    ],
  ],
  "#f9fafb": [
    [
      "gray",
      50,
    ],
  ],
  "#facc15": [
    [
      "yellow",
      400,
    ],
  ],
  "#fae8ff": [
    [
      "fuchsia",
      100,
    ],
  ],
  "#faf5ff": [
    [
      "purple",
      50,
    ],
  ],
  "#fafaf9": [
    [
      "stone",
      50,
    ],
  ],
  "#fafafa": [
    [
      "zinc",
      50,
    ],
    [
      "neutral",
      50,
    ],
  ],
  "#fb7185": [
    [
      "rose",
      400,
    ],
  ],
  "#fb923c": [
    [
      "orange",
      400,
    ],
  ],
  "#fbbf24": [
    [
      "amber",
      400,
    ],
  ],
  "#fbcfe8": [
    [
      "pink",
      200,
    ],
  ],
  "#fca5a5": [
    [
      "red",
      300,
    ],
  ],
  "#fcd34d": [
    [
      "amber",
      300,
    ],
  ],
  "#fce7f3": [
    [
      "pink",
      100,
    ],
  ],
  "#fda4af": [
    [
      "rose",
      300,
    ],
  ],
  "#fdba74": [
    [
      "orange",
      300,
    ],
  ],
  "#fde047": [
    [
      "yellow",
      300,
    ],
  ],
  "#fde68a": [
    [
      "amber",
      200,
    ],
  ],
  "#fdf2f8": [
    [
      "pink",
      50,
    ],
  ],
  "#fdf4ff": [
    [
      "fuchsia",
      50,
    ],
  ],
  "#fecaca": [
    [
      "red",
      200,
    ],
  ],
  "#fecdd3": [
    [
      "rose",
      200,
    ],
  ],
  "#fed7aa": [
    [
      "orange",
      200,
    ],
  ],
  "#fee2e2": [
    [
      "red",
      100,
    ],
  ],
  "#fef08a": [
    [
      "yellow",
      200,
    ],
  ],
  "#fef2f2": [
    [
      "red",
      50,
    ],
  ],
  "#fef3c7": [
    [
      "amber",
      100,
    ],
  ],
  "#fef9c3": [
    [
      "yellow",
      100,
    ],
  ],
  "#fefce8": [
    [
      "yellow",
      50,
    ],
  ],
  "#ffe4e6": [
    [
      "rose",
      100,
    ],
  ],
  "#ffedd5": [
    [
      "orange",
      100,
    ],
  ],
  "#fff1f2": [
    [
      "rose",
      50,
    ],
  ],
  "#fff7ed": [
    [
      "orange",
      50,
    ],
  ],
  "#fffbeb": [
    [
      "amber",
      50,
    ],
  ],
  "#ffffff": [
    [
      "white",
    ],
  ],
}
`;
